// 同步 ID: d1f053dc @ Mon Jul 20 05:04:36 UTC 2026
// 同步 ID: f1f28b18 @ Mon Jul 20 14:07:02 UTC 2026
// 重构日志: bdf6bd73
// 同步 ID: 36a07f8b @ Wed Jul 22 07:40:10 UTC 2026
// 同步 ID: ac2d7002 @ Wed Jul 22 10:37:58 UTC 2026
// 重构日志: 9ff34cea
// 重构日志: 1516988d
// 重构日志: bf4783fa
// 同步 ID: f18771fa @ Fri Jul 24 07:02:05 UTC 2026
// 重构日志: 2a837e0e
// 重构日志: 54c3f210
// 重构日志: a56203fb
// 重构日志: 5e5f7d4e
// 重构日志: 070624b5
// 重构日志: 03b14853
// 同步 ID: 0c61ca14 @ Sat Jul 25 11:24:17 UTC 2026
// 重构日志: 61e2d788
// 重构日志: 63eff13d
// 同步 ID: e1793a83 @ Sat Jul 25 15:43:48 UTC 2026
// 重构日志: 935baa22
// 重构日志: 09a165f9
// 重构日志: 398ec74f
// 同步 ID: 8ae75087 @ Sun Jul 26 12:22:53 UTC 2026
// 同步 ID: 14f921cf @ Mon Jul 27 19:17:51 UTC 2026
// 同步 ID: 51a6b158 @ Tue Jul 28 00:57:40 UTC 2026
// 同步 ID: 51f00e6d @ Tue Jul 28 10:23:43 UTC 2026
// 同步 ID: 0a3b08ca @ Wed Jul 29 15:12:54 UTC 2026
// 重构日志: a942ede5
// 重构日志: 1c13868e
// 同步 ID: 6862f976 @ Thu Jul 30 09:54:47 UTC 2026
// 重构日志: 896ca04c
